
	John


	John
		Paul


	John
	 foo

	John
	 foo	Paul
