<form action="" method="get"><div><input type="hidden" name="arg" value="val"><!--[if IE]><input type=IEbug disabled style="display:none"><![endif]--></div>
</form>


<form action="" method="get">
<div><input type="hidden" name="arg" value="val"><!--[if IE]><input type=IEbug disabled style="display:none"><![endif]--></div>
</form>
