<span title="' &amp; &quot;"></span>

<span title="' &amp; &quot;" "' &amp; &quot;"></span>
