<!DOCTYPE html PUBLIC "-//W3C//DTD XHTML 1.0 Transitional//EN" "http://www.w3.org/TR/xhtml1/DTD/xhtml1-transitional.dtd">
<html xmlns="http://www.w3.org/1999/xhtml" xml:lang="en" lang="en">
<head>
	<link rel="stylesheet" href="style.css" />
	<title>My website</title>
</head>

<body>
	<div id="sidebar">
		<ul>
			<li><a href="/">Homepage</a></li>
			<li><a href="/contact">Contact</a></li>
		</ul>
	</div>

	<div id="content">
	Content
	</div>
</body>
</html>
