

<!-- -- -->

<!-->  > -->

<!-- --->

<!-- -   -  -   - -->

<!-- >-->


<!--[if IE 5]>  <![endif]-->

<![if !IE 5]> <![endif]>
