
	Static block #10


		Dynamic block #10
	Static block #10

		Dynamic block #20

	Static block #30

	Static block #40
