<div id="snippet--hello">Hello</div> world!

<div id="snippet--include"><p>Included file #3 (A, B)</p>
</div>
<div id="snippet--array">		<div id="snippet--array-1">Value 1</div>
		<div id="snippet--array-2">Value 2</div>
		<div id="snippet--array-3">Value 3</div>
</div>
		<div id="snippet--array2-1">Value 1</div>
		<div id="snippet--array2-2">Value 2</div>
		<div id="snippet--array2-3">Value 3</div>

<div id="snippet--includeSay">Hello include snippet</div>
